I'm sorry, but errors were detected in your script. Please correct the
errors listed below, and try again.


File "game/laozi1.rpy", line 295: expected statement.
    I am not 
             ^

File "game/laozi1.rpy", line 378: Line is followed by a block, despite not being a menu choice. Did you forget a colon at the end of the line?
    "God, you're so hot."
                         ^

Ren'Py Version: Ren'Py 8.0.3.22090809
Sat Oct 15 00:54:22 2022
